Archive member included to satisfy reference by file (symbol)

d:/_0_stm32data/6_cubeide/stm32cubeide_1.6.1/stm32cubeide/plugins/com.st.stm32cube.ide.mcu.externaltools.gnu-tools-for-stm32.9-2020-q2-update.win32_1.5.0.202011040924/tools/bin/../lib/gcc/arm-none-eabi/9.3.1/../../../../arm-none-eabi/lib/thumb/v7e-m+fp/hard\libc_nano.a(lib_a-errno.o)
                              src/bsp/syscalls.o (__errno)
d:/_0_stm32data/6_cubeide/stm32cubeide_1.6.1/stm32cubeide/plugins/com.st.stm32cube.ide.mcu.externaltools.gnu-tools-for-stm32.9-2020-q2-update.win32_1.5.0.202011040924/tools/bin/../lib/gcc/arm-none-eabi/9.3.1/../../../../arm-none-eabi/lib/thumb/v7e-m+fp/hard\libc_nano.a(lib_a-exit.o)
                              d:/_0_stm32data/6_cubeide/stm32cubeide_1.6.1/stm32cubeide/plugins/com.st.stm32cube.ide.mcu.externaltools.gnu-tools-for-stm32.9-2020-q2-update.win32_1.5.0.202011040924/tools/bin/../lib/gcc/arm-none-eabi/9.3.1/../../../../arm-none-eabi/lib/thumb/v7e-m+fp/hard/crt0.o (exit)
d:/_0_stm32data/6_cubeide/stm32cubeide_1.6.1/stm32cubeide/plugins/com.st.stm32cube.ide.mcu.externaltools.gnu-tools-for-stm32.9-2020-q2-update.win32_1.5.0.202011040924/tools/bin/../lib/gcc/arm-none-eabi/9.3.1/../../../../arm-none-eabi/lib/thumb/v7e-m+fp/hard\libc_nano.a(lib_a-impure.o)
                              d:/_0_stm32data/6_cubeide/stm32cubeide_1.6.1/stm32cubeide/plugins/com.st.stm32cube.ide.mcu.externaltools.gnu-tools-for-stm32.9-2020-q2-update.win32_1.5.0.202011040924/tools/bin/../lib/gcc/arm-none-eabi/9.3.1/../../../../arm-none-eabi/lib/thumb/v7e-m+fp/hard\libc_nano.a(lib_a-exit.o) (_global_impure_ptr)
d:/_0_stm32data/6_cubeide/stm32cubeide_1.6.1/stm32cubeide/plugins/com.st.stm32cube.ide.mcu.externaltools.gnu-tools-for-stm32.9-2020-q2-update.win32_1.5.0.202011040924/tools/bin/../lib/gcc/arm-none-eabi/9.3.1/../../../../arm-none-eabi/lib/thumb/v7e-m+fp/hard\libc_nano.a(lib_a-init.o)
                              d:/_0_stm32data/6_cubeide/stm32cubeide_1.6.1/stm32cubeide/plugins/com.st.stm32cube.ide.mcu.externaltools.gnu-tools-for-stm32.9-2020-q2-update.win32_1.5.0.202011040924/tools/bin/../lib/gcc/arm-none-eabi/9.3.1/../../../../arm-none-eabi/lib/thumb/v7e-m+fp/hard/crt0.o (__libc_init_array)
d:/_0_stm32data/6_cubeide/stm32cubeide_1.6.1/stm32cubeide/plugins/com.st.stm32cube.ide.mcu.externaltools.gnu-tools-for-stm32.9-2020-q2-update.win32_1.5.0.202011040924/tools/bin/../lib/gcc/arm-none-eabi/9.3.1/../../../../arm-none-eabi/lib/thumb/v7e-m+fp/hard\libc_nano.a(lib_a-memset.o)
                              d:/_0_stm32data/6_cubeide/stm32cubeide_1.6.1/stm32cubeide/plugins/com.st.stm32cube.ide.mcu.externaltools.gnu-tools-for-stm32.9-2020-q2-update.win32_1.5.0.202011040924/tools/bin/../lib/gcc/arm-none-eabi/9.3.1/../../../../arm-none-eabi/lib/thumb/v7e-m+fp/hard/crt0.o (memset)
d:/_0_stm32data/6_cubeide/stm32cubeide_1.6.1/stm32cubeide/plugins/com.st.stm32cube.ide.mcu.externaltools.gnu-tools-for-stm32.9-2020-q2-update.win32_1.5.0.202011040924/tools/bin/../lib/gcc/arm-none-eabi/9.3.1/thumb/v7e-m+fp/hard\libgcc.a(_aeabi_uldivmod.o)
                              src/lib/32f746g_mx/Drivers/STM32F7xx_HAL_Driver/Src/stm32f7xx_hal_rcc.o (__aeabi_uldivmod)
d:/_0_stm32data/6_cubeide/stm32cubeide_1.6.1/stm32cubeide/plugins/com.st.stm32cube.ide.mcu.externaltools.gnu-tools-for-stm32.9-2020-q2-update.win32_1.5.0.202011040924/tools/bin/../lib/gcc/arm-none-eabi/9.3.1/thumb/v7e-m+fp/hard\libgcc.a(_udivmoddi4.o)
                              d:/_0_stm32data/6_cubeide/stm32cubeide_1.6.1/stm32cubeide/plugins/com.st.stm32cube.ide.mcu.externaltools.gnu-tools-for-stm32.9-2020-q2-update.win32_1.5.0.202011040924/tools/bin/../lib/gcc/arm-none-eabi/9.3.1/thumb/v7e-m+fp/hard\libgcc.a(_aeabi_uldivmod.o) (__udivmoddi4)
d:/_0_stm32data/6_cubeide/stm32cubeide_1.6.1/stm32cubeide/plugins/com.st.stm32cube.ide.mcu.externaltools.gnu-tools-for-stm32.9-2020-q2-update.win32_1.5.0.202011040924/tools/bin/../lib/gcc/arm-none-eabi/9.3.1/thumb/v7e-m+fp/hard\libgcc.a(_dvmd_tls.o)
                              d:/_0_stm32data/6_cubeide/stm32cubeide_1.6.1/stm32cubeide/plugins/com.st.stm32cube.ide.mcu.externaltools.gnu-tools-for-stm32.9-2020-q2-update.win32_1.5.0.202011040924/tools/bin/../lib/gcc/arm-none-eabi/9.3.1/thumb/v7e-m+fp/hard\libgcc.a(_aeabi_uldivmod.o) (__aeabi_ldiv0)

Allocating common symbols
Common symbol       size              file

uwTick              0x4               src/lib/32f746g_mx/Drivers/STM32F7xx_HAL_Driver/Src/stm32f7xx_hal.o
pFlash              0x1c              src/lib/32f746g_mx/Drivers/STM32F7xx_HAL_Driver/Src/stm32f7xx_hal_flash.o

Discarded input sections

 .text          0x0000000000000000        0x0 d:/_0_stm32data/6_cubeide/stm32cubeide_1.6.1/stm32cubeide/plugins/com.st.stm32cube.ide.mcu.externaltools.gnu-tools-for-stm32.9-2020-q2-update.win32_1.5.0.202011040924/tools/bin/../lib/gcc/arm-none-eabi/9.3.1/thumb/v7e-m+fp/hard/crti.o
[...]
Memory Configuration

Name             Origin             Length             Attributes
RAM              0x0000000020000000 0x0000000000050000 xrw
FLASH            0x0000000008000000 0x0000000000100000 xr
*default*        0x0000000000000000 0xffffffffffffffff

Linker script and memory map

LOAD d:/_0_stm32data/6_cubeide/stm32cubeide_1.6.1/stm32cubeide/plugins/com.st.stm32cube.ide.mcu.externaltools.gnu-tools-for-stm32.9-2020-q2-update.win32_1.5.0.202011040924/tools/bin/../lib/gcc/arm-none-eabi/9.3.1/thumb/v7e-m+fp/hard/crti.o
LOAD d:/_0_stm32data/6_cubeide/stm32cubeide_1.6.1/stm32cubeide/plugins/com.st.stm32cube.ide.mcu.externaltools.gnu-tools-for-stm32.9-2020-q2-update.win32_1.5.0.202011040924/tools/bin/../lib/gcc/arm-none-eabi/9.3.1/thumb/v7e-m+fp/hard/crtbegin.o
LOAD d:/_0_stm32data/6_cubeide/stm32cubeide_1.6.1/stm32cubeide/plugins/com.st.stm32cube.ide.mcu.externaltools.gnu-tools-for-stm32.9-2020-q2-update.win32_1.5.0.202011040924/tools/bin/../lib/gcc/arm-none-eabi/9.3.1/../../../../arm-none-eabi/lib/thumb/v7e-m+fp/hard/crt0.o
LOAD src/ap/ap.o
LOAD src/bsp/bsp.o
LOAD src/bsp/stm32f7xx_hal_msp.o
LOAD src/bsp/stm32f7xx_it.o
LOAD src/bsp/syscalls.o
LOAD src/bsp/sysmem.o
LOAD src/bsp/system_stm32f7xx.o
LOAD src/bsp/startup/startup_stm32f746nghx.o
LOAD src/hw/driver/gpio.o
LOAD src/hw/hw.o
LOAD src/lib/32f746g_mx/Drivers/STM32F7xx_HAL_Driver/Src/stm32f7xx_hal.o
LOAD src/lib/32f746g_mx/Drivers/STM32F7xx_HAL_Driver/Src/stm32f7xx_hal_cortex.o
LOAD src/lib/32f746g_mx/Drivers/STM32F7xx_HAL_Driver/Src/stm32f7xx_hal_dma.o
LOAD src/lib/32f746g_mx/Drivers/STM32F7xx_HAL_Driver/Src/stm32f7xx_hal_dma_ex.o
LOAD src/lib/32f746g_mx/Drivers/STM32F7xx_HAL_Driver/Src/stm32f7xx_hal_exti.o
LOAD src/lib/32f746g_mx/Drivers/STM32F7xx_HAL_Driver/Src/stm32f7xx_hal_flash.o
LOAD src/lib/32f746g_mx/Drivers/STM32F7xx_HAL_Driver/Src/stm32f7xx_hal_flash_ex.o
LOAD src/lib/32f746g_mx/Drivers/STM32F7xx_HAL_Driver/Src/stm32f7xx_hal_gpio.o
LOAD src/lib/32f746g_mx/Drivers/STM32F7xx_HAL_Driver/Src/stm32f7xx_hal_i2c.o
LOAD src/lib/32f746g_mx/Drivers/STM32F7xx_HAL_Driver/Src/stm32f7xx_hal_i2c_ex.o
LOAD src/lib/32f746g_mx/Drivers/STM32F7xx_HAL_Driver/Src/stm32f7xx_hal_pwr.o
LOAD src/lib/32f746g_mx/Drivers/STM32F7xx_HAL_Driver/Src/stm32f7xx_hal_pwr_ex.o
LOAD src/lib/32f746g_mx/Drivers/STM32F7xx_HAL_Driver/Src/stm32f7xx_hal_rcc.o
LOAD src/lib/32f746g_mx/Drivers/STM32F7xx_HAL_Driver/Src/stm32f7xx_hal_rcc_ex.o
LOAD src/lib/32f746g_mx/Drivers/STM32F7xx_HAL_Driver/Src/stm32f7xx_hal_tim.o
LOAD src/lib/32f746g_mx/Drivers/STM32F7xx_HAL_Driver/Src/stm32f7xx_hal_tim_ex.o
LOAD src/main.o
START GROUP
LOAD d:/_0_stm32data/6_cubeide/stm32cubeide_1.6.1/stm32cubeide/plugins/com.st.stm32cube.ide.mcu.externaltools.gnu-tools-for-stm32.9-2020-q2-update.win32_1.5.0.202011040924/tools/bin/../lib/gcc/arm-none-eabi/9.3.1/../../../../arm-none-eabi/lib/thumb/v7e-m+fp/hard\libstdc++_nano.a
LOAD d:/_0_stm32data/6_cubeide/stm32cubeide_1.6.1/stm32cubeide/plugins/com.st.stm32cube.ide.mcu.externaltools.gnu-tools-for-stm32.9-2020-q2-update.win32_1.5.0.202011040924/tools/bin/../lib/gcc/arm-none-eabi/9.3.1/../../../../arm-none-eabi/lib/thumb/v7e-m+fp/hard\libsupc++_nano.a
END GROUP
LOAD d:/_0_stm32data/6_cubeide/stm32cubeide_1.6.1/stm32cubeide/plugins/com.st.stm32cube.ide.mcu.externaltools.gnu-tools-for-stm32.9-2020-q2-update.win32_1.5.0.202011040924/tools/bin/../lib/gcc/arm-none-eabi/9.3.1/../../../../arm-none-eabi/lib/thumb/v7e-m+fp/hard\libstdc++_nano.a
LOAD d:/_0_stm32data/6_cubeide/stm32cubeide_1.6.1/stm32cubeide/plugins/com.st.stm32cube.ide.mcu.externaltools.gnu-tools-for-stm32.9-2020-q2-update.win32_1.5.0.202011040924/tools/bin/../lib/gcc/arm-none-eabi/9.3.1/../../../../arm-none-eabi/lib/thumb/v7e-m+fp/hard\libm.a
LOAD d:/_0_stm32data/6_cubeide/stm32cubeide_1.6.1/stm32cubeide/plugins/com.st.stm32cube.ide.mcu.externaltools.gnu-tools-for-stm32.9-2020-q2-update.win32_1.5.0.202011040924/tools/bin/../lib/gcc/arm-none-eabi/9.3.1/../../../../arm-none-eabi/lib/thumb/v7e-m+fp/hard\libc_nano.a
START GROUP
LOAD d:/_0_stm32data/6_cubeide/stm32cubeide_1.6.1/stm32cubeide/plugins/com.st.stm32cube.ide.mcu.externaltools.gnu-tools-for-stm32.9-2020-q2-update.win32_1.5.0.202011040924/tools/bin/../lib/gcc/arm-none-eabi/9.3.1/thumb/v7e-m+fp/hard\libgcc.a
LOAD d:/_0_stm32data/6_cubeide/stm32cubeide_1.6.1/stm32cubeide/plugins/com.st.stm32cube.ide.mcu.externaltools.gnu-tools-for-stm32.9-2020-q2-update.win32_1.5.0.202011040924/tools/bin/../lib/gcc/arm-none-eabi/9.3.1/../../../../arm-none-eabi/lib/thumb/v7e-m+fp/hard\libc_nano.a
END GROUP
START GROUP
LOAD d:/_0_stm32data/6_cubeide/stm32cubeide_1.6.1/stm32cubeide/plugins/com.st.stm32cube.ide.mcu.externaltools.gnu-tools-for-stm32.9-2020-q2-update.win32_1.5.0.202011040924/tools/bin/../lib/gcc/arm-none-eabi/9.3.1/thumb/v7e-m+fp/hard\libgcc.a
LOAD d:/_0_stm32data/6_cubeide/stm32cubeide_1.6.1/stm32cubeide/plugins/com.st.stm32cube.ide.mcu.externaltools.gnu-tools-for-stm32.9-2020-q2-update.win32_1.5.0.202011040924/tools/bin/../lib/gcc/arm-none-eabi/9.3.1/../../../../arm-none-eabi/lib/thumb/v7e-m+fp/hard\libc_nano.a
LOAD d:/_0_stm32data/6_cubeide/stm32cubeide_1.6.1/stm32cubeide/plugins/com.st.stm32cube.ide.mcu.externaltools.gnu-tools-for-stm32.9-2020-q2-update.win32_1.5.0.202011040924/tools/bin/../lib/gcc/arm-none-eabi/9.3.1/../../../../arm-none-eabi/lib/thumb/v7e-m+fp/hard\libnosys.a
END GROUP
START GROUP
LOAD d:/_0_stm32data/6_cubeide/stm32cubeide_1.6.1/stm32cubeide/plugins/com.st.stm32cube.ide.mcu.externaltools.gnu-tools-for-stm32.9-2020-q2-update.win32_1.5.0.202011040924/tools/bin/../lib/gcc/arm-none-eabi/9.3.1/thumb/v7e-m+fp/hard\libgcc.a
LOAD d:/_0_stm32data/6_cubeide/stm32cubeide_1.6.1/stm32cubeide/plugins/com.st.stm32cube.ide.mcu.externaltools.gnu-tools-for-stm32.9-2020-q2-update.win32_1.5.0.202011040924/tools/bin/../lib/gcc/arm-none-eabi/9.3.1/../../../../arm-none-eabi/lib/thumb/v7e-m+fp/hard\libc_nano.a
LOAD d:/_0_stm32data/6_cubeide/stm32cubeide_1.6.1/stm32cubeide/plugins/com.st.stm32cube.ide.mcu.externaltools.gnu-tools-for-stm32.9-2020-q2-update.win32_1.5.0.202011040924/tools/bin/../lib/gcc/arm-none-eabi/9.3.1/../../../../arm-none-eabi/lib/thumb/v7e-m+fp/hard\libnosys.a
END GROUP
LOAD d:/_0_stm32data/6_cubeide/stm32cubeide_1.6.1/stm32cubeide/plugins/com.st.stm32cube.ide.mcu.externaltools.gnu-tools-for-stm32.9-2020-q2-update.win32_1.5.0.202011040924/tools/bin/../lib/gcc/arm-none-eabi/9.3.1/thumb/v7e-m+fp/hard/crtend.o
LOAD d:/_0_stm32data/6_cubeide/stm32cubeide_1.6.1/stm32cubeide/plugins/com.st.stm32cube.ide.mcu.externaltools.gnu-tools-for-stm32.9-2020-q2-update.win32_1.5.0.202011040924/tools/bin/../lib/gcc/arm-none-eabi/9.3.1/thumb/v7e-m+fp/hard/crtn.o
                0x0000000020050000                _estack = (ORIGIN (RAM) + LENGTH (RAM))
                0x0000000000000200                _Min_Heap_Size = 0x200
                0x0000000000000400                _Min_Stack_Size = 0x400

.isr_vector     0x0000000008000000      0x1c8
                0x0000000008000000                . = ALIGN (0x4)
 *(.isr_vector)
 .isr_vector    0x0000000008000000      0x1c8 src/bsp/startup/startup_stm32f746nghx.o
                0x0000000008000000                g_pfnVectors
                0x00000000080001c8                . = ALIGN (0x4)

.text           0x00000000080001c8     0x1110
                0x00000000080001c8                . = ALIGN (0x4)
 *(.text)
 .text          0x00000000080001c8       0x40 d:/_0_stm32data/6_cubeide/stm32cubeide_1.6.1/stm32cubeide/plugins/com.st.stm32cube.ide.mcu.externaltools.gnu-tools-for-stm32.9-2020-q2-update.win32_1.5.0.202011040924/tools/bin/../lib/gcc/arm-none-eabi/9.3.1/thumb/v7e-m+fp/hard/crtbegin.o
 .text          0x0000000008000208       0x30 d:/_0_stm32data/6_cubeide/stm32cubeide_1.6.1/stm32cubeide/plugins/com.st.stm32cube.ide.mcu.externaltools.gnu-tools-for-stm32.9-2020-q2-update.win32_1.5.0.202011040924/tools/bin/../lib/gcc/arm-none-eabi/9.3.1/thumb/v7e-m+fp/hard\libgcc.a(_aeabi_uldivmod.o)
                0x0000000008000208                __aeabi_uldivmod
 .text          0x0000000008000238      0x2c4 d:/_0_stm32data/6_cubeide/stm32cubeide_1.6.1/stm32cubeide/plugins/com.st.stm32cube.ide.mcu.externaltools.gnu-tools-for-stm32.9-2020-q2-update.win32_1.5.0.202011040924/tools/bin/../lib/gcc/arm-none-eabi/9.3.1/thumb/v7e-m+fp/hard\libgcc.a(_udivmoddi4.o)
                0x0000000008000238                __udivmoddi4
 .text          0x00000000080004fc        0x4 d:/_0_stm32data/6_cubeide/stm32cubeide_1.6.1/stm32cubeide/plugins/com.st.stm32cube.ide.mcu.externaltools.gnu-tools-for-stm32.9-2020-q2-update.win32_1.5.0.202011040924/tools/bin/../lib/gcc/arm-none-eabi/9.3.1/thumb/v7e-m+fp/hard\libgcc.a(_dvmd_tls.o)
                0x00000000080004fc                __aeabi_idiv0
                0x00000000080004fc                __aeabi_ldiv0
 *(.text*)
 .text.ApInit   0x0000000008000500        0xe src/ap/ap.o
                0x0000000008000500                ApInit
 .text.ApMain   0x000000000800050e        0x6 src/ap/ap.o
                0x000000000800050e                ApMain
 .text.SystemClock_Config
                0x0000000008000514       0xb8 src/bsp/bsp.o
                0x0000000008000514                SystemClock_Config
 .text.Error_Handler
                0x00000000080005cc        0xa src/bsp/bsp.o
                0x00000000080005cc                Error_Handler
 .text.BspInit  0x00000000080005d6       0x10 src/bsp/bsp.o
                0x00000000080005d6                BspInit
 *fill*         0x00000000080005e6        0x2 
 .text.HAL_MspInit
                0x00000000080005e8       0x48 src/bsp/stm32f7xx_hal_msp.o
                0x00000000080005e8                HAL_MspInit
 .text.NMI_Handler
                0x0000000008000630        0x6 src/bsp/stm32f7xx_it.o
                0x0000000008000630                NMI_Handler
 .text.HardFault_Handler
                0x0000000008000636        0x6 src/bsp/stm32f7xx_it.o
                0x0000000008000636                HardFault_Handler
 .text.MemManage_Handler
                0x000000000800063c        0x6 src/bsp/stm32f7xx_it.o
                0x000000000800063c                MemManage_Handler
 .text.BusFault_Handler
                0x0000000008000642        0x6 src/bsp/stm32f7xx_it.o
                0x0000000008000642                BusFault_Handler
 .text.UsageFault_Handler
                0x0000000008000648        0x6 src/bsp/stm32f7xx_it.o
                0x0000000008000648                UsageFault_Handler
 .text.SVC_Handler
                0x000000000800064e        0xe src/bsp/stm32f7xx_it.o
                0x000000000800064e                SVC_Handler
 .text.DebugMon_Handler
                0x000000000800065c        0xe src/bsp/stm32f7xx_it.o
                0x000000000800065c                DebugMon_Handler
 .text.PendSV_Handler
                0x000000000800066a        0xe src/bsp/stm32f7xx_it.o
                0x000000000800066a                PendSV_Handler
 .text.SysTick_Handler
                0x0000000008000678        0xc src/bsp/stm32f7xx_it.o
                0x0000000008000678                SysTick_Handler
 .text.SystemInit
                0x0000000008000684       0x24 src/bsp/system_stm32f7xx.o
                0x0000000008000684                SystemInit
 .text.Reset_Handler
                0x00000000080006a8       0x50 src/bsp/startup/startup_stm32f746nghx.o
                0x00000000080006a8                Reset_Handler
 .text.Default_Handler
                0x00000000080006f8        0x2 src/bsp/startup/startup_stm32f746nghx.o
                0x00000000080006f8                HASH_RNG_IRQHandler
                0x00000000080006f8                EXTI2_IRQHandler
                0x00000000080006f8                TIM8_CC_IRQHandler
                0x00000000080006f8                UART8_IRQHandler
                0x00000000080006f8                SPI4_IRQHandler
                0x00000000080006f8                TIM1_CC_IRQHandler
                0x00000000080006f8                QuadSPI_IRQHandler
                0x00000000080006f8                DMA2_Stream5_IRQHandler
                0x00000000080006f8                DMA1_Stream5_IRQHandler
                0x00000000080006f8                PVD_IRQHandler
                0x00000000080006f8                TAMP_STAMP_IRQHandler
                0x00000000080006f8                CAN2_RX1_IRQHandler
                0x00000000080006f8                EXTI3_IRQHandler
                0x00000000080006f8                TIM8_TRG_COM_TIM14_IRQHandler
                0x00000000080006f8                TIM1_UP_TIM10_IRQHandler
                0x00000000080006f8                TIM8_UP_TIM13_IRQHandler
                0x00000000080006f8                I2C3_ER_IRQHandler
                0x00000000080006f8                LCD_TFT_IRQHandler
                0x00000000080006f8                EXTI0_IRQHandler
                0x00000000080006f8                I2C2_EV_IRQHandler
                0x00000000080006f8                DMA1_Stream2_IRQHandler
                0x00000000080006f8                CAN1_RX0_IRQHandler
                0x00000000080006f8                FPU_IRQHandler
                0x00000000080006f8                OTG_HS_WKUP_IRQHandler
                0x00000000080006f8                LTDC_ER_IRQHandler
                0x00000000080006f8                CAN2_SCE_IRQHandler
                0x00000000080006f8                DMA2_Stream2_IRQHandler
                0x00000000080006f8                SPI1_IRQHandler
                0x00000000080006f8                TIM6_DAC_IRQHandler
                0x00000000080006f8                TIM1_BRK_TIM9_IRQHandler
                0x00000000080006f8                DCMI_IRQHandler
                0x00000000080006f8                CAN2_RX0_IRQHandler
                0x00000000080006f8                DMA2_Stream3_IRQHandler
                0x00000000080006f8                RTC_ALARM_IRQHandler
                0x00000000080006f8                SAI2_IRQHandler
                0x00000000080006f8                USART6_IRQHandler
                0x00000000080006f8                USART3_IRQHandler
                0x00000000080006f8                CRYP_IRQHandler
                0x00000000080006f8                CAN1_RX1_IRQHandler
                0x00000000080006f8                UART5_IRQHandler
                0x00000000080006f8                DMA2_Stream0_IRQHandler
                0x00000000080006f8                TIM4_IRQHandler
                0x00000000080006f8                I2C1_EV_IRQHandler
                0x00000000080006f8                HDMI_CEC_IRQHandler
                0x00000000080006f8                DMA1_Stream6_IRQHandler
                0x00000000080006f8                DMA1_Stream1_IRQHandler
                0x00000000080006f8                UART4_IRQHandler
                0x00000000080006f8                TIM3_IRQHandler
                0x00000000080006f8                RCC_IRQHandler
                0x00000000080006f8                TIM8_BRK_TIM12_IRQHandler
                0x00000000080006f8                Default_Handler
                0x00000000080006f8                EXTI15_10_IRQHandler
                0x00000000080006f8                ADC_IRQHandler
                0x00000000080006f8                DMA1_Stream7_IRQHandler
                0x00000000080006f8                SPI5_IRQHandler
                0x00000000080006f8                LPTimer1_IRQHandler
                0x00000000080006f8                TIM7_IRQHandler
                0x00000000080006f8                SDMMC1_IRQHandler
                0x00000000080006f8                CAN2_TX_IRQHandler
                0x00000000080006f8                TIM5_IRQHandler
                0x00000000080006f8                DMA2_Stream7_IRQHandler
                0x00000000080006f8                I2C3_EV_IRQHandler
                0x00000000080006f8                EXTI9_5_IRQHandler
                0x00000000080006f8                RTC_WKUP_IRQHandler
                0x00000000080006f8                ETH_WKUP_IRQHandler
                0x00000000080006f8                SPI2_IRQHandler
                0x00000000080006f8                OTG_HS_EP1_IN_IRQHandler
                0x00000000080006f8                DMA1_Stream0_IRQHandler
                0x00000000080006f8                CAN1_TX_IRQHandler
                0x00000000080006f8                EXTI4_IRQHandler
                0x00000000080006f8                ETH_IRQHandler
                0x00000000080006f8                OTG_HS_EP1_OUT_IRQHandler
                0x00000000080006f8                WWDG_IRQHandler
                0x00000000080006f8                SPI6_IRQHandler
                0x00000000080006f8                I2C4_EV_IRQHandler
                0x00000000080006f8                TIM2_IRQHandler
                0x00000000080006f8                OTG_FS_WKUP_IRQHandler
                0x00000000080006f8                TIM1_TRG_COM_TIM11_IRQHandler
                0x00000000080006f8                OTG_HS_IRQHandler
                0x00000000080006f8                DMA2D_IRQHandler
                0x00000000080006f8                EXTI1_IRQHandler
                0x00000000080006f8                UART7_IRQHandler
                0x00000000080006f8                USART2_IRQHandler
                0x00000000080006f8                I2C2_ER_IRQHandler
                0x00000000080006f8                SPDIFRX_IRQHandler
                0x00000000080006f8                DMA2_Stream1_IRQHandler
                0x00000000080006f8                CAN1_SCE_IRQHandler
                0x00000000080006f8                FLASH_IRQHandler
                0x00000000080006f8                DMA2_Stream4_IRQHandler
                0x00000000080006f8                USART1_IRQHandler
                0x00000000080006f8                OTG_FS_IRQHandler
                0x00000000080006f8                SPI3_IRQHandler
                0x00000000080006f8                DMA1_Stream4_IRQHandler
                0x00000000080006f8                I2C1_ER_IRQHandler
                0x00000000080006f8                FMC_IRQHandler
                0x00000000080006f8                I2C4_ER_IRQHandler
                0x00000000080006f8                DMA2_Stream6_IRQHandler
                0x00000000080006f8                SAI1_IRQHandler
                0x00000000080006f8                DMA1_Stream3_IRQHandler
 *fill*         0x00000000080006fa        0x2 
 .text.GpioInit
                0x00000000080006fc       0x30 src/hw/driver/gpio.o
                0x00000000080006fc                GpioInit
 .text.HwInit   0x000000000800072c       0x10 src/hw/hw.o
                0x000000000800072c                HwInit
 .text.HAL_Init
                0x000000000800073c       0x1a src/lib/32f746g_mx/Drivers/STM32F7xx_HAL_Driver/Src/stm32f7xx_hal.o
                0x000000000800073c                HAL_Init
 *fill*         0x0000000008000756        0x2 
 .text.HAL_InitTick
                0x0000000008000758       0x60 src/lib/32f746g_mx/Drivers/STM32F7xx_HAL_Driver/Src/stm32f7xx_hal.o
                0x0000000008000758                HAL_InitTick
 .text.HAL_IncTick
                0x00000000080007b8       0x28 src/lib/32f746g_mx/Drivers/STM32F7xx_HAL_Driver/Src/stm32f7xx_hal.o
                0x00000000080007b8                HAL_IncTick
 .text.HAL_GetTick
                0x00000000080007e0       0x18 src/lib/32f746g_mx/Drivers/STM32F7xx_HAL_Driver/Src/stm32f7xx_hal.o
                0x00000000080007e0                HAL_GetTick
 .text.__NVIC_SetPriorityGrouping
                0x00000000080007f8       0x48 src/lib/32f746g_mx/Drivers/STM32F7xx_HAL_Driver/Src/stm32f7xx_hal_cortex.o
 .text.__NVIC_GetPriorityGrouping
                0x0000000008000840       0x1c src/lib/32f746g_mx/Drivers/STM32F7xx_HAL_Driver/Src/stm32f7xx_hal_cortex.o
 .text.__NVIC_SetPriority
                0x000000000800085c       0x54 src/lib/32f746g_mx/Drivers/STM32F7xx_HAL_Driver/Src/stm32f7xx_hal_cortex.o
 .text.NVIC_EncodePriority
                0x00000000080008b0       0x66 src/lib/32f746g_mx/Drivers/STM32F7xx_HAL_Driver/Src/stm32f7xx_hal_cortex.o
 *fill*         0x0000000008000916        0x2 
 .text.SysTick_Config
                0x0000000008000918       0x44 src/lib/32f746g_mx/Drivers/STM32F7xx_HAL_Driver/Src/stm32f7xx_hal_cortex.o
 .text.HAL_NVIC_SetPriorityGrouping
                0x000000000800095c       0x16 src/lib/32f746g_mx/Drivers/STM32F7xx_HAL_Driver/Src/stm32f7xx_hal_cortex.o
                0x000000000800095c                HAL_NVIC_SetPriorityGrouping
 .text.HAL_NVIC_SetPriority
                0x0000000008000972       0x38 src/lib/32f746g_mx/Drivers/STM32F7xx_HAL_Driver/Src/stm32f7xx_hal_cortex.o
                0x0000000008000972                HAL_NVIC_SetPriority
 .text.HAL_SYSTICK_Config
                0x00000000080009aa       0x18 src/lib/32f746g_mx/Drivers/STM32F7xx_HAL_Driver/Src/stm32f7xx_hal_cortex.o
                0x00000000080009aa                HAL_SYSTICK_Config
 *fill*         0x00000000080009c2        0x2 
 .text.HAL_RCC_OscConfig
                0x00000000080009c4      0x548 src/lib/32f746g_mx/Drivers/STM32F7xx_HAL_Driver/Src/stm32f7xx_hal_rcc.o
                0x00000000080009c4                HAL_RCC_OscConfig
 .text.HAL_RCC_ClockConfig
                0x0000000008000f0c      0x1d8 src/lib/32f746g_mx/Drivers/STM32F7xx_HAL_Driver/Src/stm32f7xx_hal_rcc.o
                0x0000000008000f0c                HAL_RCC_ClockConfig
 .text.HAL_RCC_GetSysClockFreq
                0x00000000080010e4      0x16c src/lib/32f746g_mx/Drivers/STM32F7xx_HAL_Driver/Src/stm32f7xx_hal_rcc.o
                0x00000000080010e4                HAL_RCC_GetSysClockFreq
 .text.main     0x0000000008001250       0x16 src/main.o
                0x0000000008001250                main
 *fill*         0x0000000008001266        0x2 
 .text.__libc_init_array
                0x0000000008001268       0x48 d:/_0_stm32data/6_cubeide/stm32cubeide_1.6.1/stm32cubeide/plugins/com.st.stm32cube.ide.mcu.externaltools.gnu-tools-for-stm32.9-2020-q2-update.win32_1.5.0.202011040924/tools/bin/../lib/gcc/arm-none-eabi/9.3.1/../../../../arm-none-eabi/lib/thumb/v7e-m+fp/hard\libc_nano.a(lib_a-init.o)
                0x0000000008001268                __libc_init_array
 .text.memset   0x00000000080012b0       0x10 d:/_0_stm32data/6_cubeide/stm32cubeide_1.6.1/stm32cubeide/plugins/com.st.stm32cube.ide.mcu.externaltools.gnu-tools-for-stm32.9-2020-q2-update.win32_1.5.0.202011040924/tools/bin/../lib/gcc/arm-none-eabi/9.3.1/../../../../arm-none-eabi/lib/thumb/v7e-m+fp/hard\libc_nano.a(lib_a-memset.o)
                0x00000000080012b0                memset
 *(.glue_7)
 .glue_7        0x00000000080012c0        0x0 linker stubs
 *(.glue_7t)
 .glue_7t       0x00000000080012c0        0x0 linker stubs
 *(.eh_frame)
 .eh_frame      0x00000000080012c0        0x0 d:/_0_stm32data/6_cubeide/stm32cubeide_1.6.1/stm32cubeide/plugins/com.st.stm32cube.ide.mcu.externaltools.gnu-tools-for-stm32.9-2020-q2-update.win32_1.5.0.202011040924/tools/bin/../lib/gcc/arm-none-eabi/9.3.1/thumb/v7e-m+fp/hard/crtbegin.o
 *(.init)
 .init          0x00000000080012c0        0x4 d:/_0_stm32data/6_cubeide/stm32cubeide_1.6.1/stm32cubeide/plugins/com.st.stm32cube.ide.mcu.externaltools.gnu-tools-for-stm32.9-2020-q2-update.win32_1.5.0.202011040924/tools/bin/../lib/gcc/arm-none-eabi/9.3.1/thumb/v7e-m+fp/hard/crti.o
                0x00000000080012c0                _init
 .init          0x00000000080012c4        0x8 d:/_0_stm32data/6_cubeide/stm32cubeide_1.6.1/stm32cubeide/plugins/com.st.stm32cube.ide.mcu.externaltools.gnu-tools-for-stm32.9-2020-q2-update.win32_1.5.0.202011040924/tools/bin/../lib/gcc/arm-none-eabi/9.3.1/thumb/v7e-m+fp/hard/crtn.o
 *(.fini)
 .fini          0x00000000080012cc        0x4 d:/_0_stm32data/6_cubeide/stm32cubeide_1.6.1/stm32cubeide/plugins/com.st.stm32cube.ide.mcu.externaltools.gnu-tools-for-stm32.9-2020-q2-update.win32_1.5.0.202011040924/tools/bin/../lib/gcc/arm-none-eabi/9.3.1/thumb/v7e-m+fp/hard/crti.o
                0x00000000080012cc                _fini
 .fini          0x00000000080012d0        0x8 d:/_0_stm32data/6_cubeide/stm32cubeide_1.6.1/stm32cubeide/plugins/com.st.stm32cube.ide.mcu.externaltools.gnu-tools-for-stm32.9-2020-q2-update.win32_1.5.0.202011040924/tools/bin/../lib/gcc/arm-none-eabi/9.3.1/thumb/v7e-m+fp/hard/crtn.o
                0x00000000080012d8                . = ALIGN (0x4)
                0x00000000080012d8                _etext = .

.vfp11_veneer   0x00000000080012d8        0x0
 .vfp11_veneer  0x00000000080012d8        0x0 linker stubs

.v4_bx          0x00000000080012d8        0x0
 .v4_bx         0x00000000080012d8        0x0 linker stubs

.iplt           0x00000000080012d8        0x0
 .iplt          0x00000000080012d8        0x0 d:/_0_stm32data/6_cubeide/stm32cubeide_1.6.1/stm32cubeide/plugins/com.st.stm32cube.ide.mcu.externaltools.gnu-tools-for-stm32.9-2020-q2-update.win32_1.5.0.202011040924/tools/bin/../lib/gcc/arm-none-eabi/9.3.1/thumb/v7e-m+fp/hard/crtbegin.o

.rodata         0x00000000080012d8       0x10
                0x00000000080012d8                . = ALIGN (0x4)
 *(.rodata)
 *(.rodata*)
 .rodata.AHBPrescTable
                0x00000000080012d8       0x10 src/bsp/system_stm32f7xx.o
                0x00000000080012d8                AHBPrescTable
                0x00000000080012e8                . = ALIGN (0x4)

.ARM.extab      0x00000000080012e8        0x0
                0x00000000080012e8                . = ALIGN (0x4)
 *(.ARM.extab* .gnu.linkonce.armextab.*)
                0x00000000080012e8                . = ALIGN (0x4)

.ARM            0x00000000080012e8        0x8
                0x00000000080012e8                . = ALIGN (0x4)
                0x00000000080012e8                __exidx_start = .
 *(.ARM.exidx*)
 .ARM.exidx     0x00000000080012e8        0x8 d:/_0_stm32data/6_cubeide/stm32cubeide_1.6.1/stm32cubeide/plugins/com.st.stm32cube.ide.mcu.externaltools.gnu-tools-for-stm32.9-2020-q2-update.win32_1.5.0.202011040924/tools/bin/../lib/gcc/arm-none-eabi/9.3.1/thumb/v7e-m+fp/hard\libgcc.a(_udivmoddi4.o)
                0x00000000080012f0                __exidx_end = .
                0x00000000080012f0                . = ALIGN (0x4)

.rel.dyn        0x00000000080012f0        0x0
 .rel.iplt      0x00000000080012f0        0x0 d:/_0_stm32data/6_cubeide/stm32cubeide_1.6.1/stm32cubeide/plugins/com.st.stm32cube.ide.mcu.externaltools.gnu-tools-for-stm32.9-2020-q2-update.win32_1.5.0.202011040924/tools/bin/../lib/gcc/arm-none-eabi/9.3.1/thumb/v7e-m+fp/hard/crtbegin.o

.preinit_array  0x00000000080012f0        0x0
                0x00000000080012f0                . = ALIGN (0x4)
                0x00000000080012f0                PROVIDE (__preinit_array_start = .)
 *(.preinit_array*)
                0x00000000080012f0                PROVIDE (__preinit_array_end = .)
                0x00000000080012f0                . = ALIGN (0x4)

.init_array     0x00000000080012f0        0x4
                0x00000000080012f0                . = ALIGN (0x4)
                0x00000000080012f0                PROVIDE (__init_array_start = .)
 *(SORT_BY_NAME(.init_array.*))
 *(.init_array*)
 .init_array    0x00000000080012f0        0x4 d:/_0_stm32data/6_cubeide/stm32cubeide_1.6.1/stm32cubeide/plugins/com.st.stm32cube.ide.mcu.externaltools.gnu-tools-for-stm32.9-2020-q2-update.win32_1.5.0.202011040924/tools/bin/../lib/gcc/arm-none-eabi/9.3.1/thumb/v7e-m+fp/hard/crtbegin.o
                0x00000000080012f4                PROVIDE (__init_array_end = .)
                0x00000000080012f4                . = ALIGN (0x4)

.fini_array     0x00000000080012f4        0x4
                0x00000000080012f4                . = ALIGN (0x4)
                [!provide]                        PROVIDE (__fini_array_start = .)
 *(SORT_BY_NAME(.fini_array.*))
 *(.fini_array*)
 .fini_array    0x00000000080012f4        0x4 d:/_0_stm32data/6_cubeide/stm32cubeide_1.6.1/stm32cubeide/plugins/com.st.stm32cube.ide.mcu.externaltools.gnu-tools-for-stm32.9-2020-q2-update.win32_1.5.0.202011040924/tools/bin/../lib/gcc/arm-none-eabi/9.3.1/thumb/v7e-m+fp/hard/crtbegin.o
                [!provide]                        PROVIDE (__fini_array_end = .)
                0x00000000080012f8                . = ALIGN (0x4)
                0x00000000080012f8                _sidata = LOADADDR (.data)

.data           0x0000000020000000        0xc load address 0x00000000080012f8
                0x0000000020000000                . = ALIGN (0x4)
                0x0000000020000000                _sdata = .
 *(.data)
 *(.data*)
 .data.SystemCoreClock
                0x0000000020000000        0x4 src/bsp/system_stm32f7xx.o
                0x0000000020000000                SystemCoreClock
 .data.uwTickPrio
                0x0000000020000004        0x4 src/lib/32f746g_mx/Drivers/STM32F7xx_HAL_Driver/Src/stm32f7xx_hal.o
                0x0000000020000004                uwTickPrio
 .data.uwTickFreq
                0x0000000020000008        0x1 src/lib/32f746g_mx/Drivers/STM32F7xx_HAL_Driver/Src/stm32f7xx_hal.o
                0x0000000020000008                uwTickFreq
 *(.RamFunc)
 *(.RamFunc*)
                0x000000002000000c                . = ALIGN (0x4)
 *fill*         0x0000000020000009        0x3 
                0x000000002000000c                _edata = .

.igot.plt       0x000000002000000c        0x0 load address 0x0000000008001304
 .igot.plt      0x000000002000000c        0x0 d:/_0_stm32data/6_cubeide/stm32cubeide_1.6.1/stm32cubeide/plugins/com.st.stm32cube.ide.mcu.externaltools.gnu-tools-for-stm32.9-2020-q2-update.win32_1.5.0.202011040924/tools/bin/../lib/gcc/arm-none-eabi/9.3.1/thumb/v7e-m+fp/hard/crtbegin.o
                0x000000002000000c                . = ALIGN (0x4)

.bss            0x000000002000000c       0x20 load address 0x0000000008001304
                0x000000002000000c                _sbss = .
                0x000000002000000c                __bss_start__ = _sbss
 *(.bss)
 .bss           0x000000002000000c       0x1c d:/_0_stm32data/6_cubeide/stm32cubeide_1.6.1/stm32cubeide/plugins/com.st.stm32cube.ide.mcu.externaltools.gnu-tools-for-stm32.9-2020-q2-update.win32_1.5.0.202011040924/tools/bin/../lib/gcc/arm-none-eabi/9.3.1/thumb/v7e-m+fp/hard/crtbegin.o
 *(.bss*)
 *(COMMON)
 COMMON         0x0000000020000028        0x4 src/lib/32f746g_mx/Drivers/STM32F7xx_HAL_Driver/Src/stm32f7xx_hal.o
                0x0000000020000028                uwTick
                0x000000002000002c                . = ALIGN (0x4)
                0x000000002000002c                _ebss = .
                0x000000002000002c                __bss_end__ = _ebss

._user_heap_stack
                0x000000002000002c      0x604 load address 0x0000000008001304
                0x0000000020000030                . = ALIGN (0x8)
 *fill*         0x000000002000002c        0x4 
                [!provide]                        PROVIDE (end = .)
                0x0000000020000030                PROVIDE (_end = .)
                0x0000000020000230                . = (. + _Min_Heap_Size)
 *fill*         0x0000000020000030      0x200 
                0x0000000020000630                . = (. + _Min_Stack_Size)
 *fill*         0x0000000020000230      0x400 
                0x0000000020000630                . = ALIGN (0x8)

/DISCARD/
 libc.a(*)
 libm.a(*)
 libgcc.a(*)

.ARM.attributes
                0x0000000000000000       0x30
 *(.ARM.attributes)
 .ARM.attributes
                0x0000000000000000       0x1e d:/_0_stm32data/6_cubeide/stm32cubeide_1.6.1/stm32cubeide/plugins/com.st.stm32cube.ide.mcu.externaltools.gnu-tools-for-stm32.9-2020-q2-update.win32_1.5.0.202011040924/tools/bin/../lib/gcc/arm-none-eabi/9.3.1/thumb/v7e-m+fp/hard/crti.o
 .ARM.attributes
                0x000000000000001e       0x34 d:/_0_stm32data/6_cubeide/stm32cubeide_1.6.1/stm32cubeide/plugins/com.st.stm32cube.ide.mcu.externaltools.gnu-tools-for-stm32.9-2020-q2-update.win32_1.5.0.202011040924/tools/bin/../lib/gcc/arm-none-eabi/9.3.1/thumb/v7e-m+fp/hard/crtbegin.o
 .ARM.attributes
                0x0000000000000052       0x34 src/ap/ap.o
 .ARM.attributes
                0x0000000000000086       0x34 src/bsp/bsp.o
 .ARM.attributes
                0x00000000000000ba       0x34 src/bsp/stm32f7xx_hal_msp.o
 .ARM.attributes
                0x00000000000000ee       0x34 src/bsp/stm32f7xx_it.o
 .ARM.attributes
                0x0000000000000122       0x34 src/bsp/system_stm32f7xx.o
 .ARM.attributes
                0x0000000000000156       0x21 src/bsp/startup/startup_stm32f746nghx.o
 .ARM.attributes
                0x0000000000000177       0x34 src/hw/driver/gpio.o
 .ARM.attributes
                0x00000000000001ab       0x34 src/hw/hw.o
 .ARM.attributes
                0x00000000000001df       0x34 src/lib/32f746g_mx/Drivers/STM32F7xx_HAL_Driver/Src/stm32f7xx_hal.o
 .ARM.attributes
                0x0000000000000213       0x34 src/lib/32f746g_mx/Drivers/STM32F7xx_HAL_Driver/Src/stm32f7xx_hal_cortex.o
 .ARM.attributes
                0x0000000000000247       0x34 src/lib/32f746g_mx/Drivers/STM32F7xx_HAL_Driver/Src/stm32f7xx_hal_rcc.o
 .ARM.attributes
                0x000000000000027b       0x34 src/main.o
 .ARM.attributes
                0x00000000000002af       0x34 d:/_0_stm32data/6_cubeide/stm32cubeide_1.6.1/stm32cubeide/plugins/com.st.stm32cube.ide.mcu.externaltools.gnu-tools-for-stm32.9-2020-q2-update.win32_1.5.0.202011040924/tools/bin/../lib/gcc/arm-none-eabi/9.3.1/../../../../arm-none-eabi/lib/thumb/v7e-m+fp/hard\libc_nano.a(lib_a-init.o)
 .ARM.attributes
                0x00000000000002e3       0x34 d:/_0_stm32data/6_cubeide/stm32cubeide_1.6.1/stm32cubeide/plugins/com.st.stm32cube.ide.mcu.externaltools.gnu-tools-for-stm32.9-2020-q2-update.win32_1.5.0.202011040924/tools/bin/../lib/gcc/arm-none-eabi/9.3.1/../../../../arm-none-eabi/lib/thumb/v7e-m+fp/hard\libc_nano.a(lib_a-memset.o)
 .ARM.attributes
                0x0000000000000317       0x1e d:/_0_stm32data/6_cubeide/stm32cubeide_1.6.1/stm32cubeide/plugins/com.st.stm32cube.ide.mcu.externaltools.gnu-tools-for-stm32.9-2020-q2-update.win32_1.5.0.202011040924/tools/bin/../lib/gcc/arm-none-eabi/9.3.1/thumb/v7e-m+fp/hard\libgcc.a(_aeabi_uldivmod.o)
 .ARM.attributes
                0x0000000000000335       0x34 d:/_0_stm32data/6_cubeide/stm32cubeide_1.6.1/stm32cubeide/plugins/com.st.stm32cube.ide.mcu.externaltools.gnu-tools-for-stm32.9-2020-q2-update.win32_1.5.0.202011040924/tools/bin/../lib/gcc/arm-none-eabi/9.3.1/thumb/v7e-m+fp/hard\libgcc.a(_udivmoddi4.o)
 .ARM.attributes
                0x0000000000000369       0x1e d:/_0_stm32data/6_cubeide/stm32cubeide_1.6.1/stm32cubeide/plugins/com.st.stm32cube.ide.mcu.externaltools.gnu-tools-for-stm32.9-2020-q2-update.win32_1.5.0.202011040924/tools/bin/../lib/gcc/arm-none-eabi/9.3.1/thumb/v7e-m+fp/hard\libgcc.a(_dvmd_tls.o)
 .ARM.attributes
                0x0000000000000387       0x1e d:/_0_stm32data/6_cubeide/stm32cubeide_1.6.1/stm32cubeide/plugins/com.st.stm32cube.ide.mcu.externaltools.gnu-tools-for-stm32.9-2020-q2-update.win32_1.5.0.202011040924/tools/bin/../lib/gcc/arm-none-eabi/9.3.1/thumb/v7e-m+fp/hard/crtn.o
OUTPUT(32f746g_disco.elf elf32-littlearm)
LOAD linker stubs
LOAD d:/_0_stm32data/6_cubeide/stm32cubeide_1.6.1/stm32cubeide/plugins/com.st.stm32cube.ide.mcu.externaltools.gnu-tools-for-stm32.9-2020-q2-update.win32_1.5.0.202011040924/tools/bin/../lib/gcc/arm-none-eabi/9.3.1/../../../../arm-none-eabi/lib/thumb/v7e-m+fp/hard\libc.a
LOAD d:/_0_stm32data/6_cubeide/stm32cubeide_1.6.1/stm32cubeide/plugins/com.st.stm32cube.ide.mcu.externaltools.gnu-tools-for-stm32.9-2020-q2-update.win32_1.5.0.202011040924/tools/bin/../lib/gcc/arm-none-eabi/9.3.1/../../../../arm-none-eabi/lib/thumb/v7e-m+fp/hard\libm.a
LOAD d:/_0_stm32data/6_cubeide/stm32cubeide_1.6.1/stm32cubeide/plugins/com.st.stm32cube.ide.mcu.externaltools.gnu-tools-for-stm32.9-2020-q2-update.win32_1.5.0.202011040924/tools/bin/../lib/gcc/arm-none-eabi/9.3.1/thumb/v7e-m+fp/hard\libgcc.a

.debug_info     0x0000000000000000     0x40b3
 .debug_info    0x0000000000000000      0x1a4 src/ap/ap.o
 .debug_info    0x00000000000001a4      0x5c8 src/bsp/bsp.o
 .debug_info    0x000000000000076c      0x3be src/bsp/stm32f7xx_hal_msp.o
 .debug_info    0x0000000000000b2a      0x222 src/bsp/stm32f7xx_it.o
 .debug_info    0x0000000000000d4c      0x74f src/bsp/system_stm32f7xx.o
 .debug_info    0x000000000000149b       0x22 src/bsp/startup/startup_stm32f746nghx.o
 .debug_info    0x00000000000014bd      0x3a1 src/hw/driver/gpio.o
 .debug_info    0x000000000000185e      0x192 src/hw/hw.o
 .debug_info    0x00000000000019f0      0xa42 src/lib/32f746g_mx/Drivers/STM32F7xx_HAL_Driver/Src/stm32f7xx_hal.o
 .debug_info    0x0000000000002432     0x1116 src/lib/32f746g_mx/Drivers/STM32F7xx_HAL_Driver/Src/stm32f7xx_hal_cortex.o
 .debug_info    0x0000000000003548      0x9cc src/lib/32f746g_mx/Drivers/STM32F7xx_HAL_Driver/Src/stm32f7xx_hal_rcc.o
 .debug_info    0x0000000000003f14      0x19f src/main.o

.debug_abbrev   0x0000000000000000      0xfa4
 .debug_abbrev  0x0000000000000000       0xb8 src/ap/ap.o
 .debug_abbrev  0x00000000000000b8      0x1a8 src/bsp/bsp.o
 .debug_abbrev  0x0000000000000260      0x11d src/bsp/stm32f7xx_hal_msp.o
 .debug_abbrev  0x000000000000037d       0xd2 src/bsp/stm32f7xx_it.o
 .debug_abbrev  0x000000000000044f      0x149 src/bsp/system_stm32f7xx.o
 .debug_abbrev  0x0000000000000598       0x12 src/bsp/startup/startup_stm32f746nghx.o
 .debug_abbrev  0x00000000000005aa      0x112 src/hw/driver/gpio.o
 .debug_abbrev  0x00000000000006bc       0xb8 src/hw/hw.o
 .debug_abbrev  0x0000000000000774      0x1ed src/lib/32f746g_mx/Drivers/STM32F7xx_HAL_Driver/Src/stm32f7xx_hal.o
 .debug_abbrev  0x0000000000000961      0x33c src/lib/32f746g_mx/Drivers/STM32F7xx_HAL_Driver/Src/stm32f7xx_hal_cortex.o
 .debug_abbrev  0x0000000000000c9d      0x246 src/lib/32f746g_mx/Drivers/STM32F7xx_HAL_Driver/Src/stm32f7xx_hal_rcc.o
 .debug_abbrev  0x0000000000000ee3       0xc1 src/main.o

.debug_aranges  0x0000000000000000      0x428
 .debug_aranges
                0x0000000000000000       0x28 src/ap/ap.o
 .debug_aranges
                0x0000000000000028       0x30 src/bsp/bsp.o
 .debug_aranges
                0x0000000000000058       0x20 src/bsp/stm32f7xx_hal_msp.o
 .debug_aranges
                0x0000000000000078       0x60 src/bsp/stm32f7xx_it.o
 .debug_aranges
                0x00000000000000d8       0x28 src/bsp/system_stm32f7xx.o
 .debug_aranges
                0x0000000000000100       0x28 src/bsp/startup/startup_stm32f746nghx.o
 .debug_aranges
                0x0000000000000128       0x20 src/hw/driver/gpio.o
 .debug_aranges
                0x0000000000000148       0x20 src/hw/hw.o
 .debug_aranges
                0x0000000000000168      0x100 src/lib/32f746g_mx/Drivers/STM32F7xx_HAL_Driver/Src/stm32f7xx_hal.o
 .debug_aranges
                0x0000000000000268      0x118 src/lib/32f746g_mx/Drivers/STM32F7xx_HAL_Driver/Src/stm32f7xx_hal_cortex.o
 .debug_aranges
                0x0000000000000380       0x88 src/lib/32f746g_mx/Drivers/STM32F7xx_HAL_Driver/Src/stm32f7xx_hal_rcc.o
 .debug_aranges
                0x0000000000000408       0x20 src/main.o

.debug_ranges   0x0000000000000000      0x370
 .debug_ranges  0x0000000000000000       0x18 src/ap/ap.o
 .debug_ranges  0x0000000000000018       0x20 src/bsp/bsp.o
 .debug_ranges  0x0000000000000038       0x10 src/bsp/stm32f7xx_hal_msp.o
 .debug_ranges  0x0000000000000048       0x50 src/bsp/stm32f7xx_it.o
 .debug_ranges  0x0000000000000098       0x18 src/bsp/system_stm32f7xx.o
 .debug_ranges  0x00000000000000b0       0x20 src/bsp/startup/startup_stm32f746nghx.o
 .debug_ranges  0x00000000000000d0       0x10 src/hw/driver/gpio.o
 .debug_ranges  0x00000000000000e0       0x10 src/hw/hw.o
 .debug_ranges  0x00000000000000f0       0xf0 src/lib/32f746g_mx/Drivers/STM32F7xx_HAL_Driver/Src/stm32f7xx_hal.o
 .debug_ranges  0x00000000000001e0      0x108 src/lib/32f746g_mx/Drivers/STM32F7xx_HAL_Driver/Src/stm32f7xx_hal_cortex.o
 .debug_ranges  0x00000000000002e8       0x78 src/lib/32f746g_mx/Drivers/STM32F7xx_HAL_Driver/Src/stm32f7xx_hal_rcc.o
 .debug_ranges  0x0000000000000360       0x10 src/main.o

.debug_macro    0x0000000000000000    0x25a1d
 .debug_macro   0x0000000000000000      0x20a src/ap/ap.o
 .debug_macro   0x000000000000020a      0xa9c src/ap/ap.o
 .debug_macro   0x0000000000000ca6      0x287 src/ap/ap.o
 .debug_macro   0x0000000000000f2d       0x2e src/ap/ap.o
 .debug_macro   0x0000000000000f5b       0x3b src/ap/ap.o
 .debug_macro   0x0000000000000f96       0x22 src/ap/ap.o
 .debug_macro   0x0000000000000fb8       0x8e src/ap/ap.o
 .debug_macro   0x0000000000001046       0x51 src/ap/ap.o
 .debug_macro   0x0000000000001097      0x103 src/ap/ap.o
 .debug_macro   0x000000000000119a       0x6a src/ap/ap.o
 .debug_macro   0x0000000000001204      0x1df src/ap/ap.o
 .debug_macro   0x00000000000013e3       0x1c src/ap/ap.o
 .debug_macro   0x00000000000013ff       0x22 src/ap/ap.o
 .debug_macro   0x0000000000001421       0xdf src/ap/ap.o
 .debug_macro   0x0000000000001500     0x12cd src/ap/ap.o
 .debug_macro   0x00000000000027cd      0x11f src/ap/ap.o
 .debug_macro   0x00000000000028ec       0x19 src/ap/ap.o
 .debug_macro   0x0000000000002905    0x191cb src/ap/ap.o
 .debug_macro   0x000000000001bad0       0x43 src/ap/ap.o
 .debug_macro   0x000000000001bb13     0x36c9 src/ap/ap.o
 .debug_macro   0x000000000001f1dc      0x174 src/ap/ap.o
 .debug_macro   0x000000000001f350       0x63 src/ap/ap.o
 .debug_macro   0x000000000001f3b3     0x18ad src/ap/ap.o
 .debug_macro   0x0000000000020c60      0x6c4 src/ap/ap.o
 .debug_macro   0x0000000000021324      0x185 src/ap/ap.o
 .debug_macro   0x00000000000214a9      0x117 src/ap/ap.o
 .debug_macro   0x00000000000215c0      0x1fe src/ap/ap.o
 .debug_macro   0x00000000000217be       0x27 src/ap/ap.o
 .debug_macro   0x00000000000217e5      0x24f src/ap/ap.o
 .debug_macro   0x0000000000021a34       0x41 src/ap/ap.o
 .debug_macro   0x0000000000021a75       0x58 src/ap/ap.o
 .debug_macro   0x0000000000021acd      0x236 src/ap/ap.o
 .debug_macro   0x0000000000021d03      0x14f src/ap/ap.o
 .debug_macro   0x0000000000021e52      0x25b src/ap/ap.o
 .debug_macro   0x00000000000220ad       0x12 src/ap/ap.o
 .debug_macro   0x00000000000220bf      0x22c src/ap/ap.o
 .debug_macro   0x00000000000222eb       0x61 src/ap/ap.o
 .debug_macro   0x000000000002234c       0xa5 src/ap/ap.o
 .debug_macro   0x00000000000223f1      0x12f src/ap/ap.o
 .debug_macro   0x0000000000022520      0x108 src/ap/ap.o
 .debug_macro   0x0000000000022628       0x35 src/ap/ap.o
 .debug_macro   0x000000000002265d      0x14e src/ap/ap.o
 .debug_macro   0x00000000000227ab       0x22 src/ap/ap.o
 .debug_macro   0x00000000000227cd       0x10 src/ap/ap.o
 .debug_macro   0x00000000000227dd      0x1d3 src/bsp/bsp.o
 .debug_macro   0x00000000000229b0      0x214 src/bsp/stm32f7xx_hal_msp.o
 .debug_macro   0x0000000000022bc4      0x21e src/bsp/stm32f7xx_it.o
 .debug_macro   0x0000000000022de2       0xd8 src/bsp/system_stm32f7xx.o
 .debug_macro   0x0000000000022eba      0x1f2 src/hw/driver/gpio.o
 .debug_macro   0x00000000000230ac      0x200 src/hw/hw.o
 .debug_macro   0x00000000000232ac      0x1da src/lib/32f746g_mx/Drivers/STM32F7xx_HAL_Driver/Src/stm32f7xx_hal.o
 .debug_macro   0x0000000000023486      0x1b6 src/lib/32f746g_mx/Drivers/STM32F7xx_HAL_Driver/Src/stm32f7xx_hal_cortex.o
 .debug_macro   0x000000000002363c      0x1da src/lib/32f746g_mx/Drivers/STM32F7xx_HAL_Driver/Src/stm32f7xx_hal_rcc.o
 .debug_macro   0x0000000000023816      0x219 src/main.o
 .debug_macro   0x0000000000023a2f      0xb74 src/main.o
 .debug_macro   0x00000000000245a3       0x1c src/main.o
 .debug_macro   0x00000000000245bf     0x12cd src/main.o
 .debug_macro   0x000000000002588c      0x17b src/main.o
 .debug_macro   0x0000000000025a07       0x16 src/main.o

.debug_line     0x0000000000000000     0x6e83
 .debug_line    0x0000000000000000      0x8e8 src/ap/ap.o
 .debug_line    0x00000000000008e8      0x8b8 src/bsp/bsp.o
 .debug_line    0x00000000000011a0      0x94c src/bsp/stm32f7xx_hal_msp.o
 .debug_line    0x0000000000001aec      0xa0e src/bsp/stm32f7xx_it.o
 .debug_line    0x00000000000024fa      0x5de src/bsp/system_stm32f7xx.o
 .debug_line    0x0000000000002ad8       0x8c src/bsp/startup/startup_stm32f746nghx.o
 .debug_line    0x0000000000002b64      0x8ce src/hw/driver/gpio.o
 .debug_line    0x0000000000003432      0x8da src/hw/hw.o
 .debug_line    0x0000000000003d0c      0xb34 src/lib/32f746g_mx/Drivers/STM32F7xx_HAL_Driver/Src/stm32f7xx_hal.o
 .debug_line    0x0000000000004840      0xdba src/lib/32f746g_mx/Drivers/STM32F7xx_HAL_Driver/Src/stm32f7xx_hal_cortex.o
 .debug_line    0x00000000000055fa      0xf75 src/lib/32f746g_mx/Drivers/STM32F7xx_HAL_Driver/Src/stm32f7xx_hal_rcc.o
 .debug_line    0x000000000000656f      0x914 src/main.o

.debug_str      0x0000000000000000    0xdc1ab
 .debug_str     0x0000000000000000    0xda5a4 src/ap/ap.o
                                      0xdac73 (size before relaxing)
 .debug_str     0x00000000000da5a4      0x2a8 src/bsp/bsp.o
                                      0xdae73 (size before relaxing)
 .debug_str     0x00000000000da84c       0x38 src/bsp/stm32f7xx_hal_msp.o
                                      0xdadae (size before relaxing)
 .debug_str     0x00000000000da884       0xbc src/bsp/stm32f7xx_it.o
                                      0xdad1f (size before relaxing)
 .debug_str     0x00000000000da940      0x1b5 src/bsp/system_stm32f7xx.o
                                      0x9aebb (size before relaxing)
 .debug_str     0x00000000000daaf5       0x39 src/bsp/startup/startup_stm32f746nghx.o
                                         0x67 (size before relaxing)
 .debug_str     0x00000000000dab2e       0x21 src/hw/driver/gpio.o
                                      0xdad7b (size before relaxing)
 .debug_str     0x00000000000dab4f       0x16 src/hw/hw.o
                                      0xdac5e (size before relaxing)
 .debug_str     0x00000000000dab65      0x934 src/lib/32f746g_mx/Drivers/STM32F7xx_HAL_Driver/Src/stm32f7xx_hal.o
                                      0xdb6c3 (size before relaxing)
 .debug_str     0x00000000000db499      0x3b3 src/lib/32f746g_mx/Drivers/STM32F7xx_HAL_Driver/Src/stm32f7xx_hal_cortex.o
                                      0xdb76a (size before relaxing)
 .debug_str     0x00000000000db84c      0x2fe src/lib/32f746g_mx/Drivers/STM32F7xx_HAL_Driver/Src/stm32f7xx_hal_rcc.o
                                      0xdb12c (size before relaxing)
 .debug_str     0x00000000000dbb4a      0x661 src/main.o
                                      0xdb0f1 (size before relaxing)

.comment        0x0000000000000000       0x53
 .comment       0x0000000000000000       0x53 src/ap/ap.o
                                         0x54 (size before relaxing)
 .comment       0x0000000000000053       0x54 src/bsp/bsp.o
 .comment       0x0000000000000053       0x54 src/bsp/stm32f7xx_hal_msp.o
 .comment       0x0000000000000053       0x54 src/bsp/stm32f7xx_it.o
 .comment       0x0000000000000053       0x54 src/bsp/system_stm32f7xx.o
 .comment       0x0000000000000053       0x54 src/hw/driver/gpio.o
 .comment       0x0000000000000053       0x54 src/hw/hw.o
 .comment       0x0000000000000053       0x54 src/lib/32f746g_mx/Drivers/STM32F7xx_HAL_Driver/Src/stm32f7xx_hal.o
 .comment       0x0000000000000053       0x54 src/lib/32f746g_mx/Drivers/STM32F7xx_HAL_Driver/Src/stm32f7xx_hal_cortex.o
 .comment       0x0000000000000053       0x54 src/lib/32f746g_mx/Drivers/STM32F7xx_HAL_Driver/Src/stm32f7xx_hal_rcc.o
 .comment       0x0000000000000053       0x54 src/main.o

.debug_frame    0x0000000000000000      0xdbc
 .debug_frame   0x0000000000000000       0x48 src/ap/ap.o
 .debug_frame   0x0000000000000048       0x68 src/bsp/bsp.o
 .debug_frame   0x00000000000000b0       0x38 src/bsp/stm32f7xx_hal_msp.o
 .debug_frame   0x00000000000000e8      0x104 src/bsp/stm32f7xx_it.o
 .debug_frame   0x00000000000001ec       0x58 src/bsp/system_stm32f7xx.o
 .debug_frame   0x0000000000000244       0x38 src/hw/driver/gpio.o
 .debug_frame   0x000000000000027c       0x2c src/hw/hw.o
 .debug_frame   0x00000000000002a8      0x3b4 src/lib/32f746g_mx/Drivers/STM32F7xx_HAL_Driver/Src/stm32f7xx_hal.o
 .debug_frame   0x000000000000065c      0x498 src/lib/32f746g_mx/Drivers/STM32F7xx_HAL_Driver/Src/stm32f7xx_hal_cortex.o
 .debug_frame   0x0000000000000af4      0x1f0 src/lib/32f746g_mx/Drivers/STM32F7xx_HAL_Driver/Src/stm32f7xx_hal_rcc.o
 .debug_frame   0x0000000000000ce4       0x2c src/main.o
 .debug_frame   0x0000000000000d10       0x2c d:/_0_stm32data/6_cubeide/stm32cubeide_1.6.1/stm32cubeide/plugins/com.st.stm32cube.ide.mcu.externaltools.gnu-tools-for-stm32.9-2020-q2-update.win32_1.5.0.202011040924/tools/bin/../lib/gcc/arm-none-eabi/9.3.1/../../../../arm-none-eabi/lib/thumb/v7e-m+fp/hard\libc_nano.a(lib_a-init.o)
 .debug_frame   0x0000000000000d3c       0x20 d:/_0_stm32data/6_cubeide/stm32cubeide_1.6.1/stm32cubeide/plugins/com.st.stm32cube.ide.mcu.externaltools.gnu-tools-for-stm32.9-2020-q2-update.win32_1.5.0.202011040924/tools/bin/../lib/gcc/arm-none-eabi/9.3.1/../../../../arm-none-eabi/lib/thumb/v7e-m+fp/hard\libc_nano.a(lib_a-memset.o)
 .debug_frame   0x0000000000000d5c       0x2c d:/_0_stm32data/6_cubeide/stm32cubeide_1.6.1/stm32cubeide/plugins/com.st.stm32cube.ide.mcu.externaltools.gnu-tools-for-stm32.9-2020-q2-update.win32_1.5.0.202011040924/tools/bin/../lib/gcc/arm-none-eabi/9.3.1/thumb/v7e-m+fp/hard\libgcc.a(_aeabi_uldivmod.o)
 .debug_frame   0x0000000000000d88       0x34 d:/_0_stm32data/6_cubeide/stm32cubeide_1.6.1/stm32cubeide/plugins/com.st.stm32cube.ide.mcu.externaltools.gnu-tools-for-stm32.9-2020-q2-update.win32_1.5.0.202011040924/tools/bin/../lib/gcc/arm-none-eabi/9.3.1/thumb/v7e-m+fp/hard\libgcc.a(_udivmoddi4.o)
